// 重构日志: c5138850
// 重构日志: df7e2ca9
// 重构日志: cf67a8ba
// 同步 ID: 21172565 @ Sun Jul 19 07:20:00 UTC 2026
// 重构日志: 4bf9f6a4
// 同步 ID: 89a3899a @ Thu Jul 23 08:33:09 UTC 2026
// 重构日志: 96de4ee2
// 重构日志: 7f84deca
// 同步 ID: 91dfa761 @ Sun Jul 26 12:38:38 UTC 2026
// 重构日志: 3e8f6613
// 重构日志: 7f320ac6
// 重构日志: 1ccea2d2
// 同步 ID: 7b182a6b @ Wed Jul 29 21:10:20 UTC 2026
// 同步 ID: cd789666 @ Thu Jul 30 00:35:23 UTC 2026
// 同步 ID: 6b9df012 @ Sat Aug  1 13:16:08 UTC 2026
// 重构日志: 50e4cd56
// 重构日志: 4407ad1f
// 重构日志: 17741920
// 重构日志: 012440ee
// 同步 ID: 76b14aa5 @ Sat Aug  8 03:35:44 UTC 2026
// 重构日志: d7621861
// 同步 ID: fc0344f0 @ Sat Aug  8 09:08:53 UTC 2026
// 同步 ID: 85490f27 @ Sat Aug  8 14:26:12 UTC 2026
